current directory: /Users/zan/Documents/GitHub/wemd-rails/vendor/bundle/ruby/3.4.0/gems/psych-5.3.1/ext/psych
/Users/zan/.local/share/mise/installs/ruby/3.4.8/bin/ruby extconf.rb
checking for pkg-config for yaml-0.1... ["-I/Users/zan/.local/share/mise/installs/ruby/3.4.8/lib/pkgconfig/../../include ", "-L/Users/zan/.local/share/mise/installs/ruby/3.4.8/lib/pkgconfig/../../lib", "-lyaml"]
creating Makefile

current directory: /Users/zan/Documents/GitHub/wemd-rails/vendor/bundle/ruby/3.4.0/gems/psych-5.3.1/ext/psych
make DESTDIR\= sitearchdir\=./.gem.20260505-84292-j7u1un sitelibdir\=./.gem.20260505-84292-j7u1un clean
cd libyaml && /Library/Developer/CommandLineTools/usr/bin/make clean
/bin/sh: line 0: cd: libyaml: No such file or directory
make: [clean-so] Error 1 (ignored)

current directory: /Users/zan/Documents/GitHub/wemd-rails/vendor/bundle/ruby/3.4.0/gems/psych-5.3.1/ext/psych
make DESTDIR\= sitearchdir\=./.gem.20260505-84292-j7u1un sitelibdir\=./.gem.20260505-84292-j7u1un
compiling psych.c
compiling psych_emitter.c
compiling psych_parser.c
compiling psych_to_ruby.c
compiling psych_yaml_tree.c
linking shared-object psych.bundle

current directory: /Users/zan/Documents/GitHub/wemd-rails/vendor/bundle/ruby/3.4.0/gems/psych-5.3.1/ext/psych
make DESTDIR\= sitearchdir\=./.gem.20260505-84292-j7u1un sitelibdir\=./.gem.20260505-84292-j7u1un install
/usr/bin/install -c -m 0755 psych.bundle ./.gem.20260505-84292-j7u1un

current directory: /Users/zan/Documents/GitHub/wemd-rails/vendor/bundle/ruby/3.4.0/gems/psych-5.3.1/ext/psych
make DESTDIR\= sitearchdir\=./.gem.20260505-84292-j7u1un sitelibdir\=./.gem.20260505-84292-j7u1un clean
cd libyaml && /Library/Developer/CommandLineTools/usr/bin/make clean
/bin/sh: line 0: cd: libyaml: No such file or directory
make: [clean-so] Error 1 (ignored)
