current directory: /Users/zan/Documents/GitHub/wemd-rails/vendor/bundle/ruby/3.4.0/gems/puma-7.1.0/ext/puma_http11
/Users/zan/.local/share/mise/installs/ruby/3.4.8/bin/ruby extconf.rb
checking for pkg-config for openssl... ["-I/Users/zan/.local/share/mise/installs/ruby/3.4.8/lib/pkgconfig/../../include ", "-L/Users/zan/.local/share/mise/installs/ruby/3.4.8/lib/pkgconfig/../..", "-lssl -lcrypto"]
──── Using OpenSSL pkgconfig (openssl.pc) ────
checking for openssl/bio.h... yes

──── Below are yes for 1.0.2 & later ────
checking for DTLS_method() in openssl/ssl.h... yes
checking for SSL_CTX_set_session_cache_mode(NULL, 0) in openssl/ssl.h... yes

──── Below are yes for 1.1.0 & later ────
checking for TLS_server_method() in openssl/ssl.h... yes
checking for SSL_CTX_set_min_proto_version(NULL, 0) in openssl/ssl.h... yes

──── Below is yes for 1.1.0 and later, but isn't documented until 3.0.0 ────
checking for SSL_CTX_set_dh_auto(NULL, 0) in openssl/ssl.h... yes

──── Below is yes for 1.1.1 & later ────
checking for SSL_CTX_set_ciphersuites(NULL, "") in openssl/ssl.h... yes

──── Below is yes for 3.0.0 & later ────
checking for SSL_get1_peer_certificate() in openssl/ssl.h... yes

creating Makefile

current directory: /Users/zan/Documents/GitHub/wemd-rails/vendor/bundle/ruby/3.4.0/gems/puma-7.1.0/ext/puma_http11
make DESTDIR\= sitearchdir\=./.gem.20260505-84292-5tjfh4 sitelibdir\=./.gem.20260505-84292-5tjfh4 clean

current directory: /Users/zan/Documents/GitHub/wemd-rails/vendor/bundle/ruby/3.4.0/gems/puma-7.1.0/ext/puma_http11
make DESTDIR\= sitearchdir\=./.gem.20260505-84292-5tjfh4 sitelibdir\=./.gem.20260505-84292-5tjfh4
compiling http11_parser.c
compiling mini_ssl.c
compiling puma_http11.c
linking shared-object puma/puma_http11.bundle

current directory: /Users/zan/Documents/GitHub/wemd-rails/vendor/bundle/ruby/3.4.0/gems/puma-7.1.0/ext/puma_http11
make DESTDIR\= sitearchdir\=./.gem.20260505-84292-5tjfh4 sitelibdir\=./.gem.20260505-84292-5tjfh4 install
/usr/bin/install -c -m 0755 puma_http11.bundle ./.gem.20260505-84292-5tjfh4/puma

current directory: /Users/zan/Documents/GitHub/wemd-rails/vendor/bundle/ruby/3.4.0/gems/puma-7.1.0/ext/puma_http11
make DESTDIR\= sitearchdir\=./.gem.20260505-84292-5tjfh4 sitelibdir\=./.gem.20260505-84292-5tjfh4 clean
