pkg_config: checking for pkg-config for openssl... -------------------- ["-I/Users/zan/.local/share/mise/installs/ruby/3.4.8/lib/pkgconfig/../../include ", "-L/Users/zan/.local/share/mise/installs/ruby/3.4.8/lib/pkgconfig/../..", "-lssl -lcrypto"]

DYLD_LIBRARY_PATH=.:/Users/zan/.local/share/mise/installs/ruby/3.4.8/lib ASAN_OPTIONS=detect_leaks=0 pkg-config --exists openssl
DYLD_LIBRARY_PATH=.:/Users/zan/.local/share/mise/installs/ruby/3.4.8/lib ASAN_OPTIONS=detect_leaks=0 pkg-config --libs openssl |
=> "-L/Users/zan/.local/share/mise/installs/ruby/3.4.8/lib/pkgconfig/../.. -lssl -lcrypto\n"
DYLD_LIBRARY_PATH=.:/Users/zan/.local/share/mise/installs/ruby/3.4.8/lib ASAN_OPTIONS=detect_leaks=0 "clang -o conftest -I/Users/zan/.local/share/mise/installs/ruby/3.4.8/include/ruby-3.4.0/arm64-darwin23 -I/Users/zan/.local/share/mise/installs/ruby/3.4.8/include/ruby-3.4.0/ruby/backward -I/Users/zan/.local/share/mise/installs/ruby/3.4.8/include/ruby-3.4.0 -I. -D_XOPEN_SOURCE -D_DARWIN_C_SOURCE -D_DARWIN_UNLIMITED_SELECT -D_REENTRANT   -fstack-protector-strong -U_FORTIFY_SOURCE -D_FORTIFY_SOURCE=2 -fdeclspec  -O3 -fno-fast-math -ggdb3 -Wall -Wextra -Wextra-tokens -Wdeprecated-declarations -Wdivision-by-zero -Wdiv-by-zero -Wimplicit-function-declaration -Wimplicit-int -Wpointer-arith -Wshorten-64-to-32 -Wwrite-strings -Wold-style-definition -Wmissing-noreturn -Wno-cast-function-type -Wno-constant-logical-operand -Wno-long-long -Wno-missing-field-initializers -Wno-overlength-strings -Wno-parentheses-equality -Wno-self-assign -Wno-tautological-compare -Wno-unused-parameter -Wno-unused-value -Wunused-variable -Wmisleading-indentation -Wundef -pipe conftest.c -L. -L/Users/zan/.local/share/mise/installs/ruby/3.4.8/lib -L. -Wl,-search_paths_first -fstack-protector-strong  -arch arm64   -lruby.3.4-static -framework CoreFoundation -ldl -lobjc -lpthread   -lpthread  "
ld: warning: ignoring duplicate libraries: '-lpthread'
checked program was:
/* begin */
1: #include "ruby.h"
2: 
3: int main(int argc, char **argv)
4: {
5:   return !!argv[argc];
6: }
/* end */

DYLD_LIBRARY_PATH=.:/Users/zan/.local/share/mise/installs/ruby/3.4.8/lib ASAN_OPTIONS=detect_leaks=0 "clang -o conftest -I/Users/zan/.local/share/mise/installs/ruby/3.4.8/include/ruby-3.4.0/arm64-darwin23 -I/Users/zan/.local/share/mise/installs/ruby/3.4.8/include/ruby-3.4.0/ruby/backward -I/Users/zan/.local/share/mise/installs/ruby/3.4.8/include/ruby-3.4.0 -I. -D_XOPEN_SOURCE -D_DARWIN_C_SOURCE -D_DARWIN_UNLIMITED_SELECT -D_REENTRANT   -fstack-protector-strong -U_FORTIFY_SOURCE -D_FORTIFY_SOURCE=2 -fdeclspec  -O3 -fno-fast-math -ggdb3 -Wall -Wextra -Wextra-tokens -Wdeprecated-declarations -Wdivision-by-zero -Wdiv-by-zero -Wimplicit-function-declaration -Wimplicit-int -Wpointer-arith -Wshorten-64-to-32 -Wwrite-strings -Wold-style-definition -Wmissing-noreturn -Wno-cast-function-type -Wno-constant-logical-operand -Wno-long-long -Wno-missing-field-initializers -Wno-overlength-strings -Wno-parentheses-equality -Wno-self-assign -Wno-tautological-compare -Wno-unused-parameter -Wno-unused-value -Wunused-variable -Wmisleading-indentation -Wundef -pipe conftest.c -L. -L/Users/zan/.local/share/mise/installs/ruby/3.4.8/lib -L. -Wl,-search_paths_first -fstack-protector-strong -L/Users/zan/.local/share/mise/installs/ruby/3.4.8/lib/pkgconfig/../.. -lssl -lcrypto -arch arm64   -lruby.3.4-static -framework CoreFoundation -ldl -lobjc -lpthread   -lpthread  "
ld: warning: ignoring duplicate libraries: '-lpthread'
checked program was:
/* begin */
1: #include "ruby.h"
2: 
3: int main(int argc, char **argv)
4: {
5:   return !!argv[argc];
6: }
/* end */

DYLD_LIBRARY_PATH=.:/Users/zan/.local/share/mise/installs/ruby/3.4.8/lib ASAN_OPTIONS=detect_leaks=0 pkg-config --cflags-only-I openssl |
=> "-I/Users/zan/.local/share/mise/installs/ruby/3.4.8/lib/pkgconfig/../../include\n"
DYLD_LIBRARY_PATH=.:/Users/zan/.local/share/mise/installs/ruby/3.4.8/lib ASAN_OPTIONS=detect_leaks=0 pkg-config --cflags-only-other openssl |
=> "\n"
DYLD_LIBRARY_PATH=.:/Users/zan/.local/share/mise/installs/ruby/3.4.8/lib ASAN_OPTIONS=detect_leaks=0 pkg-config --libs-only-l openssl |
=> "-lssl -lcrypto\n"
package configuration for openssl
incflags: -I/Users/zan/.local/share/mise/installs/ruby/3.4.8/lib/pkgconfig/../../include
cflags: 
ldflags: -L/Users/zan/.local/share/mise/installs/ruby/3.4.8/lib/pkgconfig/../..
libs: -lssl -lcrypto

--------------------

have_header: checking for openssl/bio.h... -------------------- yes

DYLD_LIBRARY_PATH=.:/Users/zan/.local/share/mise/installs/ruby/3.4.8/lib ASAN_OPTIONS=detect_leaks=0 "clang -I/Users/zan/.local/share/mise/installs/ruby/3.4.8/include/ruby-3.4.0/arm64-darwin23 -I/Users/zan/.local/share/mise/installs/ruby/3.4.8/include/ruby-3.4.0/ruby/backward -I/Users/zan/.local/share/mise/installs/ruby/3.4.8/include/ruby-3.4.0 -I. -I/Users/zan/.local/share/mise/installs/ruby/3.4.8/lib/pkgconfig/../../include -D_XOPEN_SOURCE -D_DARWIN_C_SOURCE -D_DARWIN_UNLIMITED_SELECT -D_REENTRANT   -fstack-protector-strong -U_FORTIFY_SOURCE -D_FORTIFY_SOURCE=2 -fdeclspec  -O3 -fno-fast-math -ggdb3 -Wall -Wextra -Wextra-tokens -Wdeprecated-declarations -Wdivision-by-zero -Wdiv-by-zero -Wimplicit-function-declaration -Wimplicit-int -Wpointer-arith -Wshorten-64-to-32 -Wwrite-strings -Wold-style-definition -Wmissing-noreturn -Wno-cast-function-type -Wno-constant-logical-operand -Wno-long-long -Wno-missing-field-initializers -Wno-overlength-strings -Wno-parentheses-equality -Wno-self-assign -Wno-tautological-compare -Wno-unused-parameter -Wno-unused-value -Wunused-variable -Wmisleading-indentation -Wundef -pipe  -arch arm64  -c conftest.c"
checked program was:
/* begin */
1: #include "ruby.h"
2: 
3: #include <openssl/bio.h>
/* end */

--------------------

have_func: checking for DTLS_method() in openssl/ssl.h... -------------------- yes

DYLD_LIBRARY_PATH=.:/Users/zan/.local/share/mise/installs/ruby/3.4.8/lib ASAN_OPTIONS=detect_leaks=0 "clang -o conftest -I/Users/zan/.local/share/mise/installs/ruby/3.4.8/include/ruby-3.4.0/arm64-darwin23 -I/Users/zan/.local/share/mise/installs/ruby/3.4.8/include/ruby-3.4.0/ruby/backward -I/Users/zan/.local/share/mise/installs/ruby/3.4.8/include/ruby-3.4.0 -I. -I/Users/zan/.local/share/mise/installs/ruby/3.4.8/lib/pkgconfig/../../include -D_XOPEN_SOURCE -D_DARWIN_C_SOURCE -D_DARWIN_UNLIMITED_SELECT -D_REENTRANT   -fstack-protector-strong -U_FORTIFY_SOURCE -D_FORTIFY_SOURCE=2 -fdeclspec  -O3 -fno-fast-math -ggdb3 -Wall -Wextra -Wextra-tokens -Wdeprecated-declarations -Wdivision-by-zero -Wdiv-by-zero -Wimplicit-function-declaration -Wimplicit-int -Wpointer-arith -Wshorten-64-to-32 -Wwrite-strings -Wold-style-definition -Wmissing-noreturn -Wno-cast-function-type -Wno-constant-logical-operand -Wno-long-long -Wno-missing-field-initializers -Wno-overlength-strings -Wno-parentheses-equality -Wno-self-assign -Wno-tautological-compare -Wno-unused-parameter -Wno-unused-value -Wunused-variable -Wmisleading-indentation -Wundef -pipe  conftest.c -L. -L/Users/zan/.local/share/mise/installs/ruby/3.4.8/lib -L. -Wl,-search_paths_first -fstack-protector-strong -L/Users/zan/.local/share/mise/installs/ruby/3.4.8/lib/pkgconfig/../..  -arch arm64   -lssl -lcrypto -lruby.3.4-static -framework CoreFoundation -ldl -lobjc -lpthread   -lssl -lcrypto -lpthread  "
ld: warning: ignoring duplicate libraries: '-lcrypto', '-lpthread', '-lssl'
checked program was:
/* begin */
 1: #include "ruby.h"
 2: 
 3: #include <openssl/ssl.h>
 4: 
 5: /*top*/
 6: extern int t(void);
 7: int main(int argc, char **argv)
 8: {
 9:   if (argc > 1000000) {
10:     int (* volatile tp)(void)=(int (*)(void))&t;
11:     printf("%d", (*tp)());
12:   }
13: 
14:   return !!argv[argc];
15: }
16: int t(void) { void ((*volatile p)()); p = (void ((*)()))DTLS_method; return !p; }
/* end */

--------------------

have_func: checking for SSL_CTX_set_session_cache_mode(NULL, 0) in openssl/ssl.h... -------------------- yes

DYLD_LIBRARY_PATH=.:/Users/zan/.local/share/mise/installs/ruby/3.4.8/lib ASAN_OPTIONS=detect_leaks=0 "clang -o conftest -I/Users/zan/.local/share/mise/installs/ruby/3.4.8/include/ruby-3.4.0/arm64-darwin23 -I/Users/zan/.local/share/mise/installs/ruby/3.4.8/include/ruby-3.4.0/ruby/backward -I/Users/zan/.local/share/mise/installs/ruby/3.4.8/include/ruby-3.4.0 -I. -I/Users/zan/.local/share/mise/installs/ruby/3.4.8/lib/pkgconfig/../../include -D_XOPEN_SOURCE -D_DARWIN_C_SOURCE -D_DARWIN_UNLIMITED_SELECT -D_REENTRANT   -fstack-protector-strong -U_FORTIFY_SOURCE -D_FORTIFY_SOURCE=2 -fdeclspec  -O3 -fno-fast-math -ggdb3 -Wall -Wextra -Wextra-tokens -Wdeprecated-declarations -Wdivision-by-zero -Wdiv-by-zero -Wimplicit-function-declaration -Wimplicit-int -Wpointer-arith -Wshorten-64-to-32 -Wwrite-strings -Wold-style-definition -Wmissing-noreturn -Wno-cast-function-type -Wno-constant-logical-operand -Wno-long-long -Wno-missing-field-initializers -Wno-overlength-strings -Wno-parentheses-equality -Wno-self-assign -Wno-tautological-compare -Wno-unused-parameter -Wno-unused-value -Wunused-variable -Wmisleading-indentation -Wundef -pipe  conftest.c -L. -L/Users/zan/.local/share/mise/installs/ruby/3.4.8/lib -L. -Wl,-search_paths_first -fstack-protector-strong -L/Users/zan/.local/share/mise/installs/ruby/3.4.8/lib/pkgconfig/../..  -arch arm64   -lssl -lcrypto -lruby.3.4-static -framework CoreFoundation -ldl -lobjc -lpthread   -lssl -lcrypto -lpthread  "
ld: warning: ignoring duplicate libraries: '-lcrypto', '-lpthread', '-lssl'
checked program was:
/* begin */
 1: #include "ruby.h"
 2: 
 3: #include <openssl/ssl.h>
 4: 
 5: /*top*/
 6: extern int t(void);
 7: int main(int argc, char **argv)
 8: {
 9:   if (argc > 1000000) {
10:     int (* volatile tp)(void)=(int (*)(void))&t;
11:     printf("%d", (*tp)());
12:   }
13: 
14:   return !!argv[argc];
15: }
16: 
17: int t(void) { SSL_CTX_set_session_cache_mode(NULL, 0); return 0; }
/* end */

--------------------

have_func: checking for TLS_server_method() in openssl/ssl.h... -------------------- yes

DYLD_LIBRARY_PATH=.:/Users/zan/.local/share/mise/installs/ruby/3.4.8/lib ASAN_OPTIONS=detect_leaks=0 "clang -o conftest -I/Users/zan/.local/share/mise/installs/ruby/3.4.8/include/ruby-3.4.0/arm64-darwin23 -I/Users/zan/.local/share/mise/installs/ruby/3.4.8/include/ruby-3.4.0/ruby/backward -I/Users/zan/.local/share/mise/installs/ruby/3.4.8/include/ruby-3.4.0 -I. -I/Users/zan/.local/share/mise/installs/ruby/3.4.8/lib/pkgconfig/../../include -D_XOPEN_SOURCE -D_DARWIN_C_SOURCE -D_DARWIN_UNLIMITED_SELECT -D_REENTRANT   -fstack-protector-strong -U_FORTIFY_SOURCE -D_FORTIFY_SOURCE=2 -fdeclspec  -O3 -fno-fast-math -ggdb3 -Wall -Wextra -Wextra-tokens -Wdeprecated-declarations -Wdivision-by-zero -Wdiv-by-zero -Wimplicit-function-declaration -Wimplicit-int -Wpointer-arith -Wshorten-64-to-32 -Wwrite-strings -Wold-style-definition -Wmissing-noreturn -Wno-cast-function-type -Wno-constant-logical-operand -Wno-long-long -Wno-missing-field-initializers -Wno-overlength-strings -Wno-parentheses-equality -Wno-self-assign -Wno-tautological-compare -Wno-unused-parameter -Wno-unused-value -Wunused-variable -Wmisleading-indentation -Wundef -pipe  conftest.c -L. -L/Users/zan/.local/share/mise/installs/ruby/3.4.8/lib -L. -Wl,-search_paths_first -fstack-protector-strong -L/Users/zan/.local/share/mise/installs/ruby/3.4.8/lib/pkgconfig/../..  -arch arm64   -lssl -lcrypto -lruby.3.4-static -framework CoreFoundation -ldl -lobjc -lpthread   -lssl -lcrypto -lpthread  "
ld: warning: ignoring duplicate libraries: '-lcrypto', '-lpthread', '-lssl'
checked program was:
/* begin */
 1: #include "ruby.h"
 2: 
 3: #include <openssl/ssl.h>
 4: 
 5: /*top*/
 6: extern int t(void);
 7: int main(int argc, char **argv)
 8: {
 9:   if (argc > 1000000) {
10:     int (* volatile tp)(void)=(int (*)(void))&t;
11:     printf("%d", (*tp)());
12:   }
13: 
14:   return !!argv[argc];
15: }
16: int t(void) { void ((*volatile p)()); p = (void ((*)()))TLS_server_method; return !p; }
/* end */

--------------------

have_func: checking for SSL_CTX_set_min_proto_version(NULL, 0) in openssl/ssl.h... -------------------- yes

DYLD_LIBRARY_PATH=.:/Users/zan/.local/share/mise/installs/ruby/3.4.8/lib ASAN_OPTIONS=detect_leaks=0 "clang -o conftest -I/Users/zan/.local/share/mise/installs/ruby/3.4.8/include/ruby-3.4.0/arm64-darwin23 -I/Users/zan/.local/share/mise/installs/ruby/3.4.8/include/ruby-3.4.0/ruby/backward -I/Users/zan/.local/share/mise/installs/ruby/3.4.8/include/ruby-3.4.0 -I. -I/Users/zan/.local/share/mise/installs/ruby/3.4.8/lib/pkgconfig/../../include -D_XOPEN_SOURCE -D_DARWIN_C_SOURCE -D_DARWIN_UNLIMITED_SELECT -D_REENTRANT   -fstack-protector-strong -U_FORTIFY_SOURCE -D_FORTIFY_SOURCE=2 -fdeclspec  -O3 -fno-fast-math -ggdb3 -Wall -Wextra -Wextra-tokens -Wdeprecated-declarations -Wdivision-by-zero -Wdiv-by-zero -Wimplicit-function-declaration -Wimplicit-int -Wpointer-arith -Wshorten-64-to-32 -Wwrite-strings -Wold-style-definition -Wmissing-noreturn -Wno-cast-function-type -Wno-constant-logical-operand -Wno-long-long -Wno-missing-field-initializers -Wno-overlength-strings -Wno-parentheses-equality -Wno-self-assign -Wno-tautological-compare -Wno-unused-parameter -Wno-unused-value -Wunused-variable -Wmisleading-indentation -Wundef -pipe  conftest.c -L. -L/Users/zan/.local/share/mise/installs/ruby/3.4.8/lib -L. -Wl,-search_paths_first -fstack-protector-strong -L/Users/zan/.local/share/mise/installs/ruby/3.4.8/lib/pkgconfig/../..  -arch arm64   -lssl -lcrypto -lruby.3.4-static -framework CoreFoundation -ldl -lobjc -lpthread   -lssl -lcrypto -lpthread  "
ld: warning: ignoring duplicate libraries: '-lcrypto', '-lpthread', '-lssl'
checked program was:
/* begin */
 1: #include "ruby.h"
 2: 
 3: #include <openssl/ssl.h>
 4: 
 5: /*top*/
 6: extern int t(void);
 7: int main(int argc, char **argv)
 8: {
 9:   if (argc > 1000000) {
10:     int (* volatile tp)(void)=(int (*)(void))&t;
11:     printf("%d", (*tp)());
12:   }
13: 
14:   return !!argv[argc];
15: }
16: 
17: int t(void) { SSL_CTX_set_min_proto_version(NULL, 0); return 0; }
/* end */

--------------------

have_func: checking for SSL_CTX_set_dh_auto(NULL, 0) in openssl/ssl.h... -------------------- yes

DYLD_LIBRARY_PATH=.:/Users/zan/.local/share/mise/installs/ruby/3.4.8/lib ASAN_OPTIONS=detect_leaks=0 "clang -o conftest -I/Users/zan/.local/share/mise/installs/ruby/3.4.8/include/ruby-3.4.0/arm64-darwin23 -I/Users/zan/.local/share/mise/installs/ruby/3.4.8/include/ruby-3.4.0/ruby/backward -I/Users/zan/.local/share/mise/installs/ruby/3.4.8/include/ruby-3.4.0 -I. -I/Users/zan/.local/share/mise/installs/ruby/3.4.8/lib/pkgconfig/../../include -D_XOPEN_SOURCE -D_DARWIN_C_SOURCE -D_DARWIN_UNLIMITED_SELECT -D_REENTRANT   -fstack-protector-strong -U_FORTIFY_SOURCE -D_FORTIFY_SOURCE=2 -fdeclspec  -O3 -fno-fast-math -ggdb3 -Wall -Wextra -Wextra-tokens -Wdeprecated-declarations -Wdivision-by-zero -Wdiv-by-zero -Wimplicit-function-declaration -Wimplicit-int -Wpointer-arith -Wshorten-64-to-32 -Wwrite-strings -Wold-style-definition -Wmissing-noreturn -Wno-cast-function-type -Wno-constant-logical-operand -Wno-long-long -Wno-missing-field-initializers -Wno-overlength-strings -Wno-parentheses-equality -Wno-self-assign -Wno-tautological-compare -Wno-unused-parameter -Wno-unused-value -Wunused-variable -Wmisleading-indentation -Wundef -pipe  conftest.c -L. -L/Users/zan/.local/share/mise/installs/ruby/3.4.8/lib -L. -Wl,-search_paths_first -fstack-protector-strong -L/Users/zan/.local/share/mise/installs/ruby/3.4.8/lib/pkgconfig/../..  -arch arm64   -lssl -lcrypto -lruby.3.4-static -framework CoreFoundation -ldl -lobjc -lpthread   -lssl -lcrypto -lpthread  "
ld: warning: ignoring duplicate libraries: '-lcrypto', '-lpthread', '-lssl'
checked program was:
/* begin */
 1: #include "ruby.h"
 2: 
 3: #include <openssl/ssl.h>
 4: 
 5: /*top*/
 6: extern int t(void);
 7: int main(int argc, char **argv)
 8: {
 9:   if (argc > 1000000) {
10:     int (* volatile tp)(void)=(int (*)(void))&t;
11:     printf("%d", (*tp)());
12:   }
13: 
14:   return !!argv[argc];
15: }
16: 
17: int t(void) { SSL_CTX_set_dh_auto(NULL, 0); return 0; }
/* end */

--------------------

have_func: checking for SSL_CTX_set_ciphersuites(NULL, "") in openssl/ssl.h... -------------------- yes

DYLD_LIBRARY_PATH=.:/Users/zan/.local/share/mise/installs/ruby/3.4.8/lib ASAN_OPTIONS=detect_leaks=0 "clang -o conftest -I/Users/zan/.local/share/mise/installs/ruby/3.4.8/include/ruby-3.4.0/arm64-darwin23 -I/Users/zan/.local/share/mise/installs/ruby/3.4.8/include/ruby-3.4.0/ruby/backward -I/Users/zan/.local/share/mise/installs/ruby/3.4.8/include/ruby-3.4.0 -I. -I/Users/zan/.local/share/mise/installs/ruby/3.4.8/lib/pkgconfig/../../include -D_XOPEN_SOURCE -D_DARWIN_C_SOURCE -D_DARWIN_UNLIMITED_SELECT -D_REENTRANT   -fstack-protector-strong -U_FORTIFY_SOURCE -D_FORTIFY_SOURCE=2 -fdeclspec  -O3 -fno-fast-math -ggdb3 -Wall -Wextra -Wextra-tokens -Wdeprecated-declarations -Wdivision-by-zero -Wdiv-by-zero -Wimplicit-function-declaration -Wimplicit-int -Wpointer-arith -Wshorten-64-to-32 -Wwrite-strings -Wold-style-definition -Wmissing-noreturn -Wno-cast-function-type -Wno-constant-logical-operand -Wno-long-long -Wno-missing-field-initializers -Wno-overlength-strings -Wno-parentheses-equality -Wno-self-assign -Wno-tautological-compare -Wno-unused-parameter -Wno-unused-value -Wunused-variable -Wmisleading-indentation -Wundef -pipe  conftest.c -L. -L/Users/zan/.local/share/mise/installs/ruby/3.4.8/lib -L. -Wl,-search_paths_first -fstack-protector-strong -L/Users/zan/.local/share/mise/installs/ruby/3.4.8/lib/pkgconfig/../..  -arch arm64   -lssl -lcrypto -lruby.3.4-static -framework CoreFoundation -ldl -lobjc -lpthread   -lssl -lcrypto -lpthread  "
ld: warning: ignoring duplicate libraries: '-lcrypto', '-lpthread', '-lssl'
checked program was:
/* begin */
 1: #include "ruby.h"
 2: 
 3: #include <openssl/ssl.h>
 4: 
 5: /*top*/
 6: extern int t(void);
 7: int main(int argc, char **argv)
 8: {
 9:   if (argc > 1000000) {
10:     int (* volatile tp)(void)=(int (*)(void))&t;
11:     printf("%d", (*tp)());
12:   }
13: 
14:   return !!argv[argc];
15: }
16: 
17: int t(void) { char s1[1024]; SSL_CTX_set_ciphersuites(NULL, s1); return 0; }
/* end */

--------------------

have_func: checking for SSL_get1_peer_certificate() in openssl/ssl.h... -------------------- yes

DYLD_LIBRARY_PATH=.:/Users/zan/.local/share/mise/installs/ruby/3.4.8/lib ASAN_OPTIONS=detect_leaks=0 "clang -o conftest -I/Users/zan/.local/share/mise/installs/ruby/3.4.8/include/ruby-3.4.0/arm64-darwin23 -I/Users/zan/.local/share/mise/installs/ruby/3.4.8/include/ruby-3.4.0/ruby/backward -I/Users/zan/.local/share/mise/installs/ruby/3.4.8/include/ruby-3.4.0 -I. -I/Users/zan/.local/share/mise/installs/ruby/3.4.8/lib/pkgconfig/../../include -D_XOPEN_SOURCE -D_DARWIN_C_SOURCE -D_DARWIN_UNLIMITED_SELECT -D_REENTRANT   -fstack-protector-strong -U_FORTIFY_SOURCE -D_FORTIFY_SOURCE=2 -fdeclspec  -O3 -fno-fast-math -ggdb3 -Wall -Wextra -Wextra-tokens -Wdeprecated-declarations -Wdivision-by-zero -Wdiv-by-zero -Wimplicit-function-declaration -Wimplicit-int -Wpointer-arith -Wshorten-64-to-32 -Wwrite-strings -Wold-style-definition -Wmissing-noreturn -Wno-cast-function-type -Wno-constant-logical-operand -Wno-long-long -Wno-missing-field-initializers -Wno-overlength-strings -Wno-parentheses-equality -Wno-self-assign -Wno-tautological-compare -Wno-unused-parameter -Wno-unused-value -Wunused-variable -Wmisleading-indentation -Wundef -pipe  conftest.c -L. -L/Users/zan/.local/share/mise/installs/ruby/3.4.8/lib -L. -Wl,-search_paths_first -fstack-protector-strong -L/Users/zan/.local/share/mise/installs/ruby/3.4.8/lib/pkgconfig/../..  -arch arm64   -lssl -lcrypto -lruby.3.4-static -framework CoreFoundation -ldl -lobjc -lpthread   -lssl -lcrypto -lpthread  "
ld: warning: ignoring duplicate libraries: '-lcrypto', '-lpthread', '-lssl'
checked program was:
/* begin */
 1: #include "ruby.h"
 2: 
 3: #include <openssl/ssl.h>
 4: 
 5: /*top*/
 6: extern int t(void);
 7: int main(int argc, char **argv)
 8: {
 9:   if (argc > 1000000) {
10:     int (* volatile tp)(void)=(int (*)(void))&t;
11:     printf("%d", (*tp)());
12:   }
13: 
14:   return !!argv[argc];
15: }
16: int t(void) { void ((*volatile p)()); p = (void ((*)()))SSL_get1_peer_certificate; return !p; }
/* end */

--------------------

