have_func: checking for rb_enc_interned_str() in ruby.h... -------------------- yes

DYLD_LIBRARY_PATH=.:/Users/zan/.local/share/mise/installs/ruby/3.4.8/lib ASAN_OPTIONS=detect_leaks=0 "clang -o conftest -I/Users/zan/.local/share/mise/installs/ruby/3.4.8/include/ruby-3.4.0/arm64-darwin23 -I/Users/zan/.local/share/mise/installs/ruby/3.4.8/include/ruby-3.4.0/ruby/backward -I/Users/zan/.local/share/mise/installs/ruby/3.4.8/include/ruby-3.4.0 -I. -D_XOPEN_SOURCE -D_DARWIN_C_SOURCE -D_DARWIN_UNLIMITED_SELECT -D_REENTRANT   -fstack-protector-strong -U_FORTIFY_SOURCE -D_FORTIFY_SOURCE=2 -fdeclspec  -O3 -fno-fast-math -ggdb3 -Wall -Wextra -Wextra-tokens -Wdeprecated-declarations -Wdivision-by-zero -Wdiv-by-zero -Wimplicit-function-declaration -Wimplicit-int -Wpointer-arith -Wshorten-64-to-32 -Wwrite-strings -Wold-style-definition -Wmissing-noreturn -Wno-cast-function-type -Wno-constant-logical-operand -Wno-long-long -Wno-missing-field-initializers -Wno-overlength-strings -Wno-parentheses-equality -Wno-self-assign -Wno-tautological-compare -Wno-unused-parameter -Wno-unused-value -Wunused-variable -Wmisleading-indentation -Wundef -pipe conftest.c -L. -L/Users/zan/.local/share/mise/installs/ruby/3.4.8/lib -L. -Wl,-search_paths_first -fstack-protector-strong  -arch arm64   -lruby.3.4-static -framework CoreFoundation -ldl -lobjc -lpthread   -lpthread  "
ld: warning: ignoring duplicate libraries: '-lpthread'
checked program was:
/* begin */
1: #include "ruby.h"
2: 
3: int main(int argc, char **argv)
4: {
5:   return !!argv[argc];
6: }
/* end */

DYLD_LIBRARY_PATH=.:/Users/zan/.local/share/mise/installs/ruby/3.4.8/lib ASAN_OPTIONS=detect_leaks=0 "clang -o conftest -I/Users/zan/.local/share/mise/installs/ruby/3.4.8/include/ruby-3.4.0/arm64-darwin23 -I/Users/zan/.local/share/mise/installs/ruby/3.4.8/include/ruby-3.4.0/ruby/backward -I/Users/zan/.local/share/mise/installs/ruby/3.4.8/include/ruby-3.4.0 -I. -D_XOPEN_SOURCE -D_DARWIN_C_SOURCE -D_DARWIN_UNLIMITED_SELECT -D_REENTRANT   -fstack-protector-strong -U_FORTIFY_SOURCE -D_FORTIFY_SOURCE=2 -fdeclspec  -O3 -fno-fast-math -ggdb3 -Wall -Wextra -Wextra-tokens -Wdeprecated-declarations -Wdivision-by-zero -Wdiv-by-zero -Wimplicit-function-declaration -Wimplicit-int -Wpointer-arith -Wshorten-64-to-32 -Wwrite-strings -Wold-style-definition -Wmissing-noreturn -Wno-cast-function-type -Wno-constant-logical-operand -Wno-long-long -Wno-missing-field-initializers -Wno-overlength-strings -Wno-parentheses-equality -Wno-self-assign -Wno-tautological-compare -Wno-unused-parameter -Wno-unused-value -Wunused-variable -Wmisleading-indentation -Wundef -pipe conftest.c -L. -L/Users/zan/.local/share/mise/installs/ruby/3.4.8/lib -L. -Wl,-search_paths_first -fstack-protector-strong  -arch arm64   -lruby.3.4-static -framework CoreFoundation -ldl -lobjc -lpthread   -lpthread  "
conftest.c:16:57: error: use of undeclared identifier 'rb_enc_interned_str'
   16 | int t(void) { void ((*volatile p)()); p = (void ((*)()))rb_enc_interned_str; return !p; }
      |                                                         ^
1 error generated.
checked program was:
/* begin */
 1: #include "ruby.h"
 2: 
 3: #include <ruby.h>
 4: 
 5: /*top*/
 6: extern int t(void);
 7: int main(int argc, char **argv)
 8: {
 9:   if (argc > 1000000) {
10:     int (* volatile tp)(void)=(int (*)(void))&t;
11:     printf("%d", (*tp)());
12:   }
13: 
14:   return !!argv[argc];
15: }
16: int t(void) { void ((*volatile p)()); p = (void ((*)()))rb_enc_interned_str; return !p; }
/* end */

DYLD_LIBRARY_PATH=.:/Users/zan/.local/share/mise/installs/ruby/3.4.8/lib ASAN_OPTIONS=detect_leaks=0 "clang -o conftest -I/Users/zan/.local/share/mise/installs/ruby/3.4.8/include/ruby-3.4.0/arm64-darwin23 -I/Users/zan/.local/share/mise/installs/ruby/3.4.8/include/ruby-3.4.0/ruby/backward -I/Users/zan/.local/share/mise/installs/ruby/3.4.8/include/ruby-3.4.0 -I. -D_XOPEN_SOURCE -D_DARWIN_C_SOURCE -D_DARWIN_UNLIMITED_SELECT -D_REENTRANT   -fstack-protector-strong -U_FORTIFY_SOURCE -D_FORTIFY_SOURCE=2 -fdeclspec  -O3 -fno-fast-math -ggdb3 -Wall -Wextra -Wextra-tokens -Wdeprecated-declarations -Wdivision-by-zero -Wdiv-by-zero -Wimplicit-function-declaration -Wimplicit-int -Wpointer-arith -Wshorten-64-to-32 -Wwrite-strings -Wold-style-definition -Wmissing-noreturn -Wno-cast-function-type -Wno-constant-logical-operand -Wno-long-long -Wno-missing-field-initializers -Wno-overlength-strings -Wno-parentheses-equality -Wno-self-assign -Wno-tautological-compare -Wno-unused-parameter -Wno-unused-value -Wunused-variable -Wmisleading-indentation -Wundef -pipe conftest.c -L. -L/Users/zan/.local/share/mise/installs/ruby/3.4.8/lib -L. -Wl,-search_paths_first -fstack-protector-strong  -arch arm64   -lruby.3.4-static -framework CoreFoundation -ldl -lobjc -lpthread   -lpthread  "
ld: warning: ignoring duplicate libraries: '-lpthread'
warning: (arm64) /yjit/target/release/libyjit.a(yjit.yjit.e764bc1c-cgu.12.rcgu.o) unable to open object file: No such file or directory
warning: (arm64) /yjit/target/release/libyjit.a(yjit.core-64596866e8fcd459.core.adef6839-cgu.0.rcgu.o.rcgu.o) unable to open object file: No such file or directory
warning: (arm64) /yjit/target/release/libyjit.a(yjit.hashbrown-9fb3325867b89a93.hashbrown.9bf0156c-cgu.0.rcgu.o.rcgu.o) unable to open object file: No such file or directory
warning: (arm64) /yjit/target/release/libyjit.a(yjit.memchr-979ed69233e4feef.memchr.6eb4e99e-cgu.0.rcgu.o.rcgu.o) unable to open object file: No such file or directory
warning: (arm64) /yjit/target/release/libyjit.a(yjit.panic_unwind-128bf621675179b5.panic_unwind.8abac504-cgu.0.rcgu.o.rcgu.o) unable to open object file: No such file or directory
warning: (arm64) /yjit/target/release/libyjit.a(yjit.rustc_demangle-025c156c0170bf7c.rustc_demangle.9a9a29ae-cgu.0.rcgu.o.rcgu.o) unable to open object file: No such file or directory
warning: (arm64) /yjit/target/release/libyjit.a(yjit.std-30760f0676b4a0cb.std.0fbf018a-cgu.0.rcgu.o.rcgu.o) unable to open object file: No such file or directory
warning: (arm64) /yjit/target/release/libyjit.a(yjit.yjit.e764bc1c-cgu.0.rcgu.o) unable to open object file: No such file or directory
warning: (arm64) /yjit/target/release/libyjit.a(yjit.yjit.e764bc1c-cgu.1.rcgu.o) unable to open object file: No such file or directory
warning: (arm64) /yjit/target/release/libyjit.a(yjit.yjit.e764bc1c-cgu.10.rcgu.o) unable to open object file: No such file or directory
warning: (arm64) /yjit/target/release/libyjit.a(yjit.yjit.e764bc1c-cgu.11.rcgu.o) unable to open object file: No such file or directory
warning: (arm64) /yjit/target/release/libyjit.a(yjit.alloc-7a08c2dd395a8174.alloc.8bd887cb-cgu.0.rcgu.o.rcgu.o) unable to open object file: No such file or directory
warning: (arm64) /yjit/target/release/libyjit.a(yjit.yjit.e764bc1c-cgu.13.rcgu.o) unable to open object file: No such file or directory
warning: (arm64) /yjit/target/release/libyjit.a(yjit.yjit.e764bc1c-cgu.14.rcgu.o) unable to open object file: No such file or directory
warning: (arm64) /yjit/target/release/libyjit.a(yjit.yjit.e764bc1c-cgu.15.rcgu.o) unable to open object file: No such file or directory
warning: (arm64) /yjit/target/release/libyjit.a(yjit.yjit.e764bc1c-cgu.2.rcgu.o) unable to open object file: No such file or directory
warning: (arm64) /yjit/target/release/libyjit.a(yjit.yjit.e764bc1c-cgu.3.rcgu.o) unable to open object file: No such file or directory
warning: (arm64) /yjit/target/release/libyjit.a(yjit.yjit.e764bc1c-cgu.4.rcgu.o) unable to open object file: No such file or directory
warning: (arm64) /yjit/target/release/libyjit.a(yjit.yjit.e764bc1c-cgu.5.rcgu.o) unable to open object file: No such file or directory
warning: (arm64) /yjit/target/release/libyjit.a(yjit.yjit.e764bc1c-cgu.6.rcgu.o) unable to open object file: No such file or directory
warning: (arm64) /yjit/target/release/libyjit.a(yjit.yjit.e764bc1c-cgu.7.rcgu.o) unable to open object file: No such file or directory
warning: (arm64) /yjit/target/release/libyjit.a(yjit.yjit.e764bc1c-cgu.8.rcgu.o) unable to open object file: No such file or directory
warning: (arm64) /yjit/target/release/libyjit.a(yjit.yjit.e764bc1c-cgu.9.rcgu.o) unable to open object file: No such file or directory
checked program was:
/* begin */
 1: #include "ruby.h"
 2: 
 3: #include <ruby.h>
 4: 
 5: /*top*/
 6: extern int t(void);
 7: int main(int argc, char **argv)
 8: {
 9:   if (argc > 1000000) {
10:     int (* volatile tp)(void)=(int (*)(void))&t;
11:     printf("%d", (*tp)());
12:   }
13: 
14:   return !!argv[argc];
15: }
16: extern void rb_enc_interned_str();
17: int t(void) { rb_enc_interned_str(); return 0; }
/* end */

--------------------

have_func: checking for rb_hash_new_capa() in ruby.h... -------------------- yes

DYLD_LIBRARY_PATH=.:/Users/zan/.local/share/mise/installs/ruby/3.4.8/lib ASAN_OPTIONS=detect_leaks=0 "clang -o conftest -I/Users/zan/.local/share/mise/installs/ruby/3.4.8/include/ruby-3.4.0/arm64-darwin23 -I/Users/zan/.local/share/mise/installs/ruby/3.4.8/include/ruby-3.4.0/ruby/backward -I/Users/zan/.local/share/mise/installs/ruby/3.4.8/include/ruby-3.4.0 -I. -D_XOPEN_SOURCE -D_DARWIN_C_SOURCE -D_DARWIN_UNLIMITED_SELECT -D_REENTRANT   -fstack-protector-strong -U_FORTIFY_SOURCE -D_FORTIFY_SOURCE=2 -fdeclspec  -O3 -fno-fast-math -ggdb3 -Wall -Wextra -Wextra-tokens -Wdeprecated-declarations -Wdivision-by-zero -Wdiv-by-zero -Wimplicit-function-declaration -Wimplicit-int -Wpointer-arith -Wshorten-64-to-32 -Wwrite-strings -Wold-style-definition -Wmissing-noreturn -Wno-cast-function-type -Wno-constant-logical-operand -Wno-long-long -Wno-missing-field-initializers -Wno-overlength-strings -Wno-parentheses-equality -Wno-self-assign -Wno-tautological-compare -Wno-unused-parameter -Wno-unused-value -Wunused-variable -Wmisleading-indentation -Wundef -pipe conftest.c -L. -L/Users/zan/.local/share/mise/installs/ruby/3.4.8/lib -L. -Wl,-search_paths_first -fstack-protector-strong  -arch arm64   -lruby.3.4-static -framework CoreFoundation -ldl -lobjc -lpthread   -lpthread  "
ld: warning: ignoring duplicate libraries: '-lpthread'
warning: (arm64) /yjit/target/release/libyjit.a(yjit.yjit.e764bc1c-cgu.12.rcgu.o) unable to open object file: No such file or directory
warning: (arm64) /yjit/target/release/libyjit.a(yjit.core-64596866e8fcd459.core.adef6839-cgu.0.rcgu.o.rcgu.o) unable to open object file: No such file or directory
warning: (arm64) /yjit/target/release/libyjit.a(yjit.hashbrown-9fb3325867b89a93.hashbrown.9bf0156c-cgu.0.rcgu.o.rcgu.o) unable to open object file: No such file or directory
warning: (arm64) /yjit/target/release/libyjit.a(yjit.memchr-979ed69233e4feef.memchr.6eb4e99e-cgu.0.rcgu.o.rcgu.o) unable to open object file: No such file or directory
warning: (arm64) /yjit/target/release/libyjit.a(yjit.panic_unwind-128bf621675179b5.panic_unwind.8abac504-cgu.0.rcgu.o.rcgu.o) unable to open object file: No such file or directory
warning: (arm64) /yjit/target/release/libyjit.a(yjit.rustc_demangle-025c156c0170bf7c.rustc_demangle.9a9a29ae-cgu.0.rcgu.o.rcgu.o) unable to open object file: No such file or directory
warning: (arm64) /yjit/target/release/libyjit.a(yjit.std-30760f0676b4a0cb.std.0fbf018a-cgu.0.rcgu.o.rcgu.o) unable to open object file: No such file or directory
warning: (arm64) /yjit/target/release/libyjit.a(yjit.yjit.e764bc1c-cgu.0.rcgu.o) unable to open object file: No such file or directory
warning: (arm64) /yjit/target/release/libyjit.a(yjit.yjit.e764bc1c-cgu.1.rcgu.o) unable to open object file: No such file or directory
warning: (arm64) /yjit/target/release/libyjit.a(yjit.yjit.e764bc1c-cgu.10.rcgu.o) unable to open object file: No such file or directory
warning: (arm64) /yjit/target/release/libyjit.a(yjit.yjit.e764bc1c-cgu.11.rcgu.o) unable to open object file: No such file or directory
warning: (arm64) /yjit/target/release/libyjit.a(yjit.alloc-7a08c2dd395a8174.alloc.8bd887cb-cgu.0.rcgu.o.rcgu.o) unable to open object file: No such file or directory
warning: (arm64) /yjit/target/release/libyjit.a(yjit.yjit.e764bc1c-cgu.13.rcgu.o) unable to open object file: No such file or directory
warning: (arm64) /yjit/target/release/libyjit.a(yjit.yjit.e764bc1c-cgu.14.rcgu.o) unable to open object file: No such file or directory
warning: (arm64) /yjit/target/release/libyjit.a(yjit.yjit.e764bc1c-cgu.15.rcgu.o) unable to open object file: No such file or directory
warning: (arm64) /yjit/target/release/libyjit.a(yjit.yjit.e764bc1c-cgu.2.rcgu.o) unable to open object file: No such file or directory
warning: (arm64) /yjit/target/release/libyjit.a(yjit.yjit.e764bc1c-cgu.3.rcgu.o) unable to open object file: No such file or directory
warning: (arm64) /yjit/target/release/libyjit.a(yjit.yjit.e764bc1c-cgu.4.rcgu.o) unable to open object file: No such file or directory
warning: (arm64) /yjit/target/release/libyjit.a(yjit.yjit.e764bc1c-cgu.5.rcgu.o) unable to open object file: No such file or directory
warning: (arm64) /yjit/target/release/libyjit.a(yjit.yjit.e764bc1c-cgu.6.rcgu.o) unable to open object file: No such file or directory
warning: (arm64) /yjit/target/release/libyjit.a(yjit.yjit.e764bc1c-cgu.7.rcgu.o) unable to open object file: No such file or directory
warning: (arm64) /yjit/target/release/libyjit.a(yjit.yjit.e764bc1c-cgu.8.rcgu.o) unable to open object file: No such file or directory
warning: (arm64) /yjit/target/release/libyjit.a(yjit.yjit.e764bc1c-cgu.9.rcgu.o) unable to open object file: No such file or directory
checked program was:
/* begin */
 1: #include "ruby.h"
 2: 
 3: #include <ruby.h>
 4: 
 5: /*top*/
 6: extern int t(void);
 7: int main(int argc, char **argv)
 8: {
 9:   if (argc > 1000000) {
10:     int (* volatile tp)(void)=(int (*)(void))&t;
11:     printf("%d", (*tp)());
12:   }
13: 
14:   return !!argv[argc];
15: }
16: int t(void) { void ((*volatile p)()); p = (void ((*)()))rb_hash_new_capa; return !p; }
/* end */

--------------------

have_func: checking for rb_proc_call_with_block() in ruby.h... -------------------- yes

DYLD_LIBRARY_PATH=.:/Users/zan/.local/share/mise/installs/ruby/3.4.8/lib ASAN_OPTIONS=detect_leaks=0 "clang -o conftest -I/Users/zan/.local/share/mise/installs/ruby/3.4.8/include/ruby-3.4.0/arm64-darwin23 -I/Users/zan/.local/share/mise/installs/ruby/3.4.8/include/ruby-3.4.0/ruby/backward -I/Users/zan/.local/share/mise/installs/ruby/3.4.8/include/ruby-3.4.0 -I. -D_XOPEN_SOURCE -D_DARWIN_C_SOURCE -D_DARWIN_UNLIMITED_SELECT -D_REENTRANT   -fstack-protector-strong -U_FORTIFY_SOURCE -D_FORTIFY_SOURCE=2 -fdeclspec  -O3 -fno-fast-math -ggdb3 -Wall -Wextra -Wextra-tokens -Wdeprecated-declarations -Wdivision-by-zero -Wdiv-by-zero -Wimplicit-function-declaration -Wimplicit-int -Wpointer-arith -Wshorten-64-to-32 -Wwrite-strings -Wold-style-definition -Wmissing-noreturn -Wno-cast-function-type -Wno-constant-logical-operand -Wno-long-long -Wno-missing-field-initializers -Wno-overlength-strings -Wno-parentheses-equality -Wno-self-assign -Wno-tautological-compare -Wno-unused-parameter -Wno-unused-value -Wunused-variable -Wmisleading-indentation -Wundef -pipe conftest.c -L. -L/Users/zan/.local/share/mise/installs/ruby/3.4.8/lib -L. -Wl,-search_paths_first -fstack-protector-strong  -arch arm64   -lruby.3.4-static -framework CoreFoundation -ldl -lobjc -lpthread   -lpthread  "
ld: warning: ignoring duplicate libraries: '-lpthread'
warning: (arm64) /yjit/target/release/libyjit.a(yjit.yjit.e764bc1c-cgu.12.rcgu.o) unable to open object file: No such file or directory
warning: (arm64) /yjit/target/release/libyjit.a(yjit.core-64596866e8fcd459.core.adef6839-cgu.0.rcgu.o.rcgu.o) unable to open object file: No such file or directory
warning: (arm64) /yjit/target/release/libyjit.a(yjit.hashbrown-9fb3325867b89a93.hashbrown.9bf0156c-cgu.0.rcgu.o.rcgu.o) unable to open object file: No such file or directory
warning: (arm64) /yjit/target/release/libyjit.a(yjit.memchr-979ed69233e4feef.memchr.6eb4e99e-cgu.0.rcgu.o.rcgu.o) unable to open object file: No such file or directory
warning: (arm64) /yjit/target/release/libyjit.a(yjit.panic_unwind-128bf621675179b5.panic_unwind.8abac504-cgu.0.rcgu.o.rcgu.o) unable to open object file: No such file or directory
warning: (arm64) /yjit/target/release/libyjit.a(yjit.rustc_demangle-025c156c0170bf7c.rustc_demangle.9a9a29ae-cgu.0.rcgu.o.rcgu.o) unable to open object file: No such file or directory
warning: (arm64) /yjit/target/release/libyjit.a(yjit.std-30760f0676b4a0cb.std.0fbf018a-cgu.0.rcgu.o.rcgu.o) unable to open object file: No such file or directory
warning: (arm64) /yjit/target/release/libyjit.a(yjit.yjit.e764bc1c-cgu.0.rcgu.o) unable to open object file: No such file or directory
warning: (arm64) /yjit/target/release/libyjit.a(yjit.yjit.e764bc1c-cgu.1.rcgu.o) unable to open object file: No such file or directory
warning: (arm64) /yjit/target/release/libyjit.a(yjit.yjit.e764bc1c-cgu.10.rcgu.o) unable to open object file: No such file or directory
warning: (arm64) /yjit/target/release/libyjit.a(yjit.yjit.e764bc1c-cgu.11.rcgu.o) unable to open object file: No such file or directory
warning: (arm64) /yjit/target/release/libyjit.a(yjit.alloc-7a08c2dd395a8174.alloc.8bd887cb-cgu.0.rcgu.o.rcgu.o) unable to open object file: No such file or directory
warning: (arm64) /yjit/target/release/libyjit.a(yjit.yjit.e764bc1c-cgu.13.rcgu.o) unable to open object file: No such file or directory
warning: (arm64) /yjit/target/release/libyjit.a(yjit.yjit.e764bc1c-cgu.14.rcgu.o) unable to open object file: No such file or directory
warning: (arm64) /yjit/target/release/libyjit.a(yjit.yjit.e764bc1c-cgu.15.rcgu.o) unable to open object file: No such file or directory
warning: (arm64) /yjit/target/release/libyjit.a(yjit.yjit.e764bc1c-cgu.2.rcgu.o) unable to open object file: No such file or directory
warning: (arm64) /yjit/target/release/libyjit.a(yjit.yjit.e764bc1c-cgu.3.rcgu.o) unable to open object file: No such file or directory
warning: (arm64) /yjit/target/release/libyjit.a(yjit.yjit.e764bc1c-cgu.4.rcgu.o) unable to open object file: No such file or directory
warning: (arm64) /yjit/target/release/libyjit.a(yjit.yjit.e764bc1c-cgu.5.rcgu.o) unable to open object file: No such file or directory
warning: (arm64) /yjit/target/release/libyjit.a(yjit.yjit.e764bc1c-cgu.6.rcgu.o) unable to open object file: No such file or directory
warning: (arm64) /yjit/target/release/libyjit.a(yjit.yjit.e764bc1c-cgu.7.rcgu.o) unable to open object file: No such file or directory
warning: (arm64) /yjit/target/release/libyjit.a(yjit.yjit.e764bc1c-cgu.8.rcgu.o) unable to open object file: No such file or directory
warning: (arm64) /yjit/target/release/libyjit.a(yjit.yjit.e764bc1c-cgu.9.rcgu.o) unable to open object file: No such file or directory
checked program was:
/* begin */
 1: #include "ruby.h"
 2: 
 3: #include <ruby.h>
 4: 
 5: /*top*/
 6: extern int t(void);
 7: int main(int argc, char **argv)
 8: {
 9:   if (argc > 1000000) {
10:     int (* volatile tp)(void)=(int (*)(void))&t;
11:     printf("%d", (*tp)());
12:   }
13: 
14:   return !!argv[argc];
15: }
16: int t(void) { void ((*volatile p)()); p = (void ((*)()))rb_proc_call_with_block; return !p; }
/* end */

--------------------

have_func: checking for rb_gc_mark_locations() in ruby.h... -------------------- yes

DYLD_LIBRARY_PATH=.:/Users/zan/.local/share/mise/installs/ruby/3.4.8/lib ASAN_OPTIONS=detect_leaks=0 "clang -o conftest -I/Users/zan/.local/share/mise/installs/ruby/3.4.8/include/ruby-3.4.0/arm64-darwin23 -I/Users/zan/.local/share/mise/installs/ruby/3.4.8/include/ruby-3.4.0/ruby/backward -I/Users/zan/.local/share/mise/installs/ruby/3.4.8/include/ruby-3.4.0 -I. -D_XOPEN_SOURCE -D_DARWIN_C_SOURCE -D_DARWIN_UNLIMITED_SELECT -D_REENTRANT   -fstack-protector-strong -U_FORTIFY_SOURCE -D_FORTIFY_SOURCE=2 -fdeclspec  -O3 -fno-fast-math -ggdb3 -Wall -Wextra -Wextra-tokens -Wdeprecated-declarations -Wdivision-by-zero -Wdiv-by-zero -Wimplicit-function-declaration -Wimplicit-int -Wpointer-arith -Wshorten-64-to-32 -Wwrite-strings -Wold-style-definition -Wmissing-noreturn -Wno-cast-function-type -Wno-constant-logical-operand -Wno-long-long -Wno-missing-field-initializers -Wno-overlength-strings -Wno-parentheses-equality -Wno-self-assign -Wno-tautological-compare -Wno-unused-parameter -Wno-unused-value -Wunused-variable -Wmisleading-indentation -Wundef -pipe conftest.c -L. -L/Users/zan/.local/share/mise/installs/ruby/3.4.8/lib -L. -Wl,-search_paths_first -fstack-protector-strong  -arch arm64   -lruby.3.4-static -framework CoreFoundation -ldl -lobjc -lpthread   -lpthread  "
ld: warning: ignoring duplicate libraries: '-lpthread'
warning: (arm64) /yjit/target/release/libyjit.a(yjit.yjit.e764bc1c-cgu.12.rcgu.o) unable to open object file: No such file or directory
warning: (arm64) /yjit/target/release/libyjit.a(yjit.core-64596866e8fcd459.core.adef6839-cgu.0.rcgu.o.rcgu.o) unable to open object file: No such file or directory
warning: (arm64) /yjit/target/release/libyjit.a(yjit.hashbrown-9fb3325867b89a93.hashbrown.9bf0156c-cgu.0.rcgu.o.rcgu.o) unable to open object file: No such file or directory
warning: (arm64) /yjit/target/release/libyjit.a(yjit.memchr-979ed69233e4feef.memchr.6eb4e99e-cgu.0.rcgu.o.rcgu.o) unable to open object file: No such file or directory
warning: (arm64) /yjit/target/release/libyjit.a(yjit.panic_unwind-128bf621675179b5.panic_unwind.8abac504-cgu.0.rcgu.o.rcgu.o) unable to open object file: No such file or directory
warning: (arm64) /yjit/target/release/libyjit.a(yjit.rustc_demangle-025c156c0170bf7c.rustc_demangle.9a9a29ae-cgu.0.rcgu.o.rcgu.o) unable to open object file: No such file or directory
warning: (arm64) /yjit/target/release/libyjit.a(yjit.std-30760f0676b4a0cb.std.0fbf018a-cgu.0.rcgu.o.rcgu.o) unable to open object file: No such file or directory
warning: (arm64) /yjit/target/release/libyjit.a(yjit.yjit.e764bc1c-cgu.0.rcgu.o) unable to open object file: No such file or directory
warning: (arm64) /yjit/target/release/libyjit.a(yjit.yjit.e764bc1c-cgu.1.rcgu.o) unable to open object file: No such file or directory
warning: (arm64) /yjit/target/release/libyjit.a(yjit.yjit.e764bc1c-cgu.10.rcgu.o) unable to open object file: No such file or directory
warning: (arm64) /yjit/target/release/libyjit.a(yjit.yjit.e764bc1c-cgu.11.rcgu.o) unable to open object file: No such file or directory
warning: (arm64) /yjit/target/release/libyjit.a(yjit.alloc-7a08c2dd395a8174.alloc.8bd887cb-cgu.0.rcgu.o.rcgu.o) unable to open object file: No such file or directory
warning: (arm64) /yjit/target/release/libyjit.a(yjit.yjit.e764bc1c-cgu.13.rcgu.o) unable to open object file: No such file or directory
warning: (arm64) /yjit/target/release/libyjit.a(yjit.yjit.e764bc1c-cgu.14.rcgu.o) unable to open object file: No such file or directory
warning: (arm64) /yjit/target/release/libyjit.a(yjit.yjit.e764bc1c-cgu.15.rcgu.o) unable to open object file: No such file or directory
warning: (arm64) /yjit/target/release/libyjit.a(yjit.yjit.e764bc1c-cgu.2.rcgu.o) unable to open object file: No such file or directory
warning: (arm64) /yjit/target/release/libyjit.a(yjit.yjit.e764bc1c-cgu.3.rcgu.o) unable to open object file: No such file or directory
warning: (arm64) /yjit/target/release/libyjit.a(yjit.yjit.e764bc1c-cgu.4.rcgu.o) unable to open object file: No such file or directory
warning: (arm64) /yjit/target/release/libyjit.a(yjit.yjit.e764bc1c-cgu.5.rcgu.o) unable to open object file: No such file or directory
warning: (arm64) /yjit/target/release/libyjit.a(yjit.yjit.e764bc1c-cgu.6.rcgu.o) unable to open object file: No such file or directory
warning: (arm64) /yjit/target/release/libyjit.a(yjit.yjit.e764bc1c-cgu.7.rcgu.o) unable to open object file: No such file or directory
warning: (arm64) /yjit/target/release/libyjit.a(yjit.yjit.e764bc1c-cgu.8.rcgu.o) unable to open object file: No such file or directory
warning: (arm64) /yjit/target/release/libyjit.a(yjit.yjit.e764bc1c-cgu.9.rcgu.o) unable to open object file: No such file or directory
checked program was:
/* begin */
 1: #include "ruby.h"
 2: 
 3: #include <ruby.h>
 4: 
 5: /*top*/
 6: extern int t(void);
 7: int main(int argc, char **argv)
 8: {
 9:   if (argc > 1000000) {
10:     int (* volatile tp)(void)=(int (*)(void))&t;
11:     printf("%d", (*tp)());
12:   }
13: 
14:   return !!argv[argc];
15: }
16: int t(void) { void ((*volatile p)()); p = (void ((*)()))rb_gc_mark_locations; return !p; }
/* end */

--------------------

append_cflags: checking for whether -fvisibility=hidden is accepted as CFLAGS... -------------------- yes

DYLD_LIBRARY_PATH=.:/Users/zan/.local/share/mise/installs/ruby/3.4.8/lib ASAN_OPTIONS=detect_leaks=0 "clang -I/Users/zan/.local/share/mise/installs/ruby/3.4.8/include/ruby-3.4.0/arm64-darwin23 -I/Users/zan/.local/share/mise/installs/ruby/3.4.8/include/ruby-3.4.0/ruby/backward -I/Users/zan/.local/share/mise/installs/ruby/3.4.8/include/ruby-3.4.0 -I. -D_XOPEN_SOURCE -D_DARWIN_C_SOURCE -D_DARWIN_UNLIMITED_SELECT -D_REENTRANT   -fstack-protector-strong -U_FORTIFY_SOURCE -D_FORTIFY_SOURCE=2 -fdeclspec  -O3 -fno-fast-math -ggdb3 -Wall -Wextra -Wextra-tokens -Wdeprecated-declarations -Wdivision-by-zero -Wdiv-by-zero -Wimplicit-function-declaration -Wimplicit-int -Wpointer-arith -Wshorten-64-to-32 -Wwrite-strings -Wold-style-definition -Wmissing-noreturn -Wno-cast-function-type -Wno-constant-logical-operand -Wno-long-long -Wno-missing-field-initializers -Wno-overlength-strings -Wno-parentheses-equality -Wno-self-assign -Wno-tautological-compare -Wno-unused-parameter -Wno-unused-value -Wunused-variable -Wmisleading-indentation -Wundef -pipe -arch arm64 -fvisibility=hidden -Werror -c conftest.c"
checked program was:
/* begin */
1: #include "ruby.h"
2: 
3: int main(int argc, char **argv)
4: {
5:   return !!argv[argc];
6: }
/* end */

--------------------

append_cflags: checking for whether -I.. is accepted as CFLAGS... -------------------- yes

DYLD_LIBRARY_PATH=.:/Users/zan/.local/share/mise/installs/ruby/3.4.8/lib ASAN_OPTIONS=detect_leaks=0 "clang -I/Users/zan/.local/share/mise/installs/ruby/3.4.8/include/ruby-3.4.0/arm64-darwin23 -I/Users/zan/.local/share/mise/installs/ruby/3.4.8/include/ruby-3.4.0/ruby/backward -I/Users/zan/.local/share/mise/installs/ruby/3.4.8/include/ruby-3.4.0 -I. -D_XOPEN_SOURCE -D_DARWIN_C_SOURCE -D_DARWIN_UNLIMITED_SELECT -D_REENTRANT   -fstack-protector-strong -U_FORTIFY_SOURCE -D_FORTIFY_SOURCE=2 -fdeclspec  -O3 -fno-fast-math -ggdb3 -Wall -Wextra -Wextra-tokens -Wdeprecated-declarations -Wdivision-by-zero -Wdiv-by-zero -Wimplicit-function-declaration -Wimplicit-int -Wpointer-arith -Wshorten-64-to-32 -Wwrite-strings -Wold-style-definition -Wmissing-noreturn -Wno-cast-function-type -Wno-constant-logical-operand -Wno-long-long -Wno-missing-field-initializers -Wno-overlength-strings -Wno-parentheses-equality -Wno-self-assign -Wno-tautological-compare -Wno-unused-parameter -Wno-unused-value -Wunused-variable -Wmisleading-indentation -Wundef -pipe -fvisibility=hidden -arch arm64 -I.. -Werror -c conftest.c"
checked program was:
/* begin */
1: #include "ruby.h"
2: 
3: int main(int argc, char **argv)
4: {
5:   return !!argv[argc];
6: }
/* end */

--------------------

append_cflags: checking for whether -Wall is accepted as CFLAGS... -------------------- yes

DYLD_LIBRARY_PATH=.:/Users/zan/.local/share/mise/installs/ruby/3.4.8/lib ASAN_OPTIONS=detect_leaks=0 "clang -I/Users/zan/.local/share/mise/installs/ruby/3.4.8/include/ruby-3.4.0/arm64-darwin23 -I/Users/zan/.local/share/mise/installs/ruby/3.4.8/include/ruby-3.4.0/ruby/backward -I/Users/zan/.local/share/mise/installs/ruby/3.4.8/include/ruby-3.4.0 -I. -D_XOPEN_SOURCE -D_DARWIN_C_SOURCE -D_DARWIN_UNLIMITED_SELECT -D_REENTRANT   -fstack-protector-strong -U_FORTIFY_SOURCE -D_FORTIFY_SOURCE=2 -fdeclspec  -O3 -fno-fast-math -ggdb3 -Wall -Wextra -Wextra-tokens -Wdeprecated-declarations -Wdivision-by-zero -Wdiv-by-zero -Wimplicit-function-declaration -Wimplicit-int -Wpointer-arith -Wshorten-64-to-32 -Wwrite-strings -Wold-style-definition -Wmissing-noreturn -Wno-cast-function-type -Wno-constant-logical-operand -Wno-long-long -Wno-missing-field-initializers -Wno-overlength-strings -Wno-parentheses-equality -Wno-self-assign -Wno-tautological-compare -Wno-unused-parameter -Wno-unused-value -Wunused-variable -Wmisleading-indentation -Wundef -pipe -fvisibility=hidden -I.. -arch arm64 -Wall -Werror -c conftest.c"
checked program was:
/* begin */
1: #include "ruby.h"
2: 
3: int main(int argc, char **argv)
4: {
5:   return !!argv[argc];
6: }
/* end */

--------------------

append_cflags: checking for whether -std=gnu99 is accepted as CFLAGS... -------------------- yes

DYLD_LIBRARY_PATH=.:/Users/zan/.local/share/mise/installs/ruby/3.4.8/lib ASAN_OPTIONS=detect_leaks=0 "clang -I/Users/zan/.local/share/mise/installs/ruby/3.4.8/include/ruby-3.4.0/arm64-darwin23 -I/Users/zan/.local/share/mise/installs/ruby/3.4.8/include/ruby-3.4.0/ruby/backward -I/Users/zan/.local/share/mise/installs/ruby/3.4.8/include/ruby-3.4.0 -I. -D_XOPEN_SOURCE -D_DARWIN_C_SOURCE -D_DARWIN_UNLIMITED_SELECT -D_REENTRANT   -fstack-protector-strong -U_FORTIFY_SOURCE -D_FORTIFY_SOURCE=2 -fdeclspec  -O3 -fno-fast-math -ggdb3 -Wall -Wextra -Wextra-tokens -Wdeprecated-declarations -Wdivision-by-zero -Wdiv-by-zero -Wimplicit-function-declaration -Wimplicit-int -Wpointer-arith -Wshorten-64-to-32 -Wwrite-strings -Wold-style-definition -Wmissing-noreturn -Wno-cast-function-type -Wno-constant-logical-operand -Wno-long-long -Wno-missing-field-initializers -Wno-overlength-strings -Wno-parentheses-equality -Wno-self-assign -Wno-tautological-compare -Wno-unused-parameter -Wno-unused-value -Wunused-variable -Wmisleading-indentation -Wundef -pipe -fvisibility=hidden -I.. -Wall -arch arm64 -std=gnu99 -Werror -c conftest.c"
checked program was:
/* begin */
1: #include "ruby.h"
2: 
3: int main(int argc, char **argv)
4: {
5:   return !!argv[argc];
6: }
/* end */

--------------------

append_cflags: checking for whether -DHASH_ASET_DEDUPE=1 is accepted as CFLAGS... -------------------- yes

DYLD_LIBRARY_PATH=.:/Users/zan/.local/share/mise/installs/ruby/3.4.8/lib ASAN_OPTIONS=detect_leaks=0 "clang -I/Users/zan/.local/share/mise/installs/ruby/3.4.8/include/ruby-3.4.0/arm64-darwin23 -I/Users/zan/.local/share/mise/installs/ruby/3.4.8/include/ruby-3.4.0/ruby/backward -I/Users/zan/.local/share/mise/installs/ruby/3.4.8/include/ruby-3.4.0 -I. -D_XOPEN_SOURCE -D_DARWIN_C_SOURCE -D_DARWIN_UNLIMITED_SELECT -D_REENTRANT   -fstack-protector-strong -U_FORTIFY_SOURCE -D_FORTIFY_SOURCE=2 -fdeclspec  -O3 -fno-fast-math -ggdb3 -Wall -Wextra -Wextra-tokens -Wdeprecated-declarations -Wdivision-by-zero -Wdiv-by-zero -Wimplicit-function-declaration -Wimplicit-int -Wpointer-arith -Wshorten-64-to-32 -Wwrite-strings -Wold-style-definition -Wmissing-noreturn -Wno-cast-function-type -Wno-constant-logical-operand -Wno-long-long -Wno-missing-field-initializers -Wno-overlength-strings -Wno-parentheses-equality -Wno-self-assign -Wno-tautological-compare -Wno-unused-parameter -Wno-unused-value -Wunused-variable -Wmisleading-indentation -Wundef -pipe -fvisibility=hidden -I.. -Wall -std=gnu99 -arch arm64 -DHASH_ASET_DEDUPE=1 -Werror -c conftest.c"
checked program was:
/* begin */
1: #include "ruby.h"
2: 
3: int main(int argc, char **argv)
4: {
5:   return !!argv[argc];
6: }
/* end */

--------------------

append_cflags: checking for whether -DSTR_UMINUS_DEDUPE_FROZEN=1 is accepted as CFLAGS... -------------------- yes

DYLD_LIBRARY_PATH=.:/Users/zan/.local/share/mise/installs/ruby/3.4.8/lib ASAN_OPTIONS=detect_leaks=0 "clang -I/Users/zan/.local/share/mise/installs/ruby/3.4.8/include/ruby-3.4.0/arm64-darwin23 -I/Users/zan/.local/share/mise/installs/ruby/3.4.8/include/ruby-3.4.0/ruby/backward -I/Users/zan/.local/share/mise/installs/ruby/3.4.8/include/ruby-3.4.0 -I. -D_XOPEN_SOURCE -D_DARWIN_C_SOURCE -D_DARWIN_UNLIMITED_SELECT -D_REENTRANT   -fstack-protector-strong -U_FORTIFY_SOURCE -D_FORTIFY_SOURCE=2 -fdeclspec  -O3 -fno-fast-math -ggdb3 -Wall -Wextra -Wextra-tokens -Wdeprecated-declarations -Wdivision-by-zero -Wdiv-by-zero -Wimplicit-function-declaration -Wimplicit-int -Wpointer-arith -Wshorten-64-to-32 -Wwrite-strings -Wold-style-definition -Wmissing-noreturn -Wno-cast-function-type -Wno-constant-logical-operand -Wno-long-long -Wno-missing-field-initializers -Wno-overlength-strings -Wno-parentheses-equality -Wno-self-assign -Wno-tautological-compare -Wno-unused-parameter -Wno-unused-value -Wunused-variable -Wmisleading-indentation -Wundef -pipe -fvisibility=hidden -I.. -Wall -std=gnu99 -DHASH_ASET_DEDUPE=1 -arch arm64 -DSTR_UMINUS_DEDUPE_FROZEN=1 -Werror -c conftest.c"
checked program was:
/* begin */
1: #include "ruby.h"
2: 
3: int main(int argc, char **argv)
4: {
5:   return !!argv[argc];
6: }
/* end */

--------------------

